19.06.2024 14:35:56: Файл info1.txt отсутствует.
19.06.2024 14:36:53: Файл info1.txt отсутствует.
